// Jest Snapshot v1, https://goo.gl/fbAQLP

exports[`renders HeaderNav 1`] = `
ShallowWrapper {
  Symbol(enzyme.__root__): [Circular],
  Symbol(enzyme.__unrendered__): <HeaderNav />,
  Symbol(enzyme.__renderer__): Object {
    "batchedUpdates": [Function],
    "checkPropTypes": [Function],
    "getNode": [Function],
    "render": [Function],
    "simulateError": [Function],
    "simulateEvent": [Function],
    "unmount": [Function],
  },
  Symbol(enzyme.__node__): Object {
    "instance": null,
    "key": undefined,
    "nodeType": "class",
    "props": Object {
      "borderless": true,
      "children": <Container>
        <MenuItem
          active={false}
          className="logo"
          name="Logo"
          onClick={[Function]}
        >
          <Image
            as="img"
            size="tiny"
            src="logo_wykop.png"
            ui={true}
          />
        </MenuItem>
        <React.Fragment>
          <MenuItem
            active={true}
            name="Wykopalisko"
            onClick={[Function]}
          >
            Wykopalisko
            <Label>
              501
            </Label>
          </MenuItem>
          <MenuItem
            active={false}
            name="Hity"
            onClick={[Function]}
          />
          <MenuItem
            active={false}
            name="Mikroblog"
            onClick={[Function]}
          />
        </React.Fragment>
        <MenuMenu
          position="right"
        >
          <MenuItem
            active={false}
            name="Szukaj"
            onClick={[Function]}
          />
          <MenuItem
            active={false}
            name="Dodaj"
            onClick={[Function]}
          />
          <MenuItem
            active={false}
            name="Zaloguj się"
            onClick={[Function]}
          />
        </MenuMenu>
      </Container>,
      "className": "nav-menu",
      "fixed": "top",
      "pointing": true,
      "secondary": true,
    },
    "ref": null,
    "rendered": Object {
      "instance": null,
      "key": undefined,
      "nodeType": "function",
      "props": Object {
        "children": Array [
          <MenuItem
            active={false}
            className="logo"
            name="Logo"
            onClick={[Function]}
          >
            <Image
              as="img"
              size="tiny"
              src="logo_wykop.png"
              ui={true}
            />
          </MenuItem>,
          <React.Fragment>
            <MenuItem
              active={true}
              name="Wykopalisko"
              onClick={[Function]}
            >
              Wykopalisko
              <Label>
                501
              </Label>
            </MenuItem>
            <MenuItem
              active={false}
              name="Hity"
              onClick={[Function]}
            />
            <MenuItem
              active={false}
              name="Mikroblog"
              onClick={[Function]}
            />
          </React.Fragment>,
          <MenuMenu
            position="right"
          >
            <MenuItem
              active={false}
              name="Szukaj"
              onClick={[Function]}
            />
            <MenuItem
              active={false}
              name="Dodaj"
              onClick={[Function]}
            />
            <MenuItem
              active={false}
              name="Zaloguj się"
              onClick={[Function]}
            />
          </MenuMenu>,
        ],
      },
      "ref": null,
      "rendered": Array [
        Object {
          "instance": null,
          "key": undefined,
          "nodeType": "class",
          "props": Object {
            "active": false,
            "children": <Image
              as="img"
              size="tiny"
              src="logo_wykop.png"
              ui={true}
            />,
            "className": "logo",
            "name": "Logo",
            "onClick": [Function],
          },
          "ref": null,
          "rendered": Object {
            "instance": null,
            "key": undefined,
            "nodeType": "function",
            "props": Object {
              "as": "img",
              "size": "tiny",
              "src": "logo_wykop.png",
              "ui": true,
            },
            "ref": null,
            "rendered": null,
            "type": [Function],
          },
          "type": [Function],
        },
        Object {
          "instance": null,
          "key": undefined,
          "nodeType": "function",
          "props": Object {
            "children": Array [
              <MenuItem
                active={true}
                name="Wykopalisko"
                onClick={[Function]}
              >
                Wykopalisko
                <Label>
                  501
                </Label>
              </MenuItem>,
              <MenuItem
                active={false}
                name="Hity"
                onClick={[Function]}
              />,
              <MenuItem
                active={false}
                name="Mikroblog"
                onClick={[Function]}
              />,
            ],
          },
          "ref": null,
          "rendered": Array [
            Object {
              "instance": null,
              "key": undefined,
              "nodeType": "class",
              "props": Object {
                "active": true,
                "children": Array [
                  "Wykopalisko",
                  <Label>
                    501
                  </Label>,
                ],
                "name": "Wykopalisko",
                "onClick": [Function],
              },
              "ref": null,
              "rendered": Array [
                "Wykopalisko",
                Object {
                  "instance": null,
                  "key": undefined,
                  "nodeType": "class",
                  "props": Object {
                    "children": "501",
                  },
                  "ref": null,
                  "rendered": "501",
                  "type": [Function],
                },
              ],
              "type": [Function],
            },
            Object {
              "instance": null,
              "key": undefined,
              "nodeType": "class",
              "props": Object {
                "active": false,
                "name": "Hity",
                "onClick": [Function],
              },
              "ref": null,
              "rendered": null,
              "type": [Function],
            },
            Object {
              "instance": null,
              "key": undefined,
              "nodeType": "class",
              "props": Object {
                "active": false,
                "name": "Mikroblog",
                "onClick": [Function],
              },
              "ref": null,
              "rendered": null,
              "type": [Function],
            },
          ],
          "type": Symbol(react.fragment),
        },
        Object {
          "instance": null,
          "key": undefined,
          "nodeType": "function",
          "props": Object {
            "children": Array [
              <MenuItem
                active={false}
                name="Szukaj"
                onClick={[Function]}
              />,
              <MenuItem
                active={false}
                name="Dodaj"
                onClick={[Function]}
              />,
              <MenuItem
                active={false}
                name="Zaloguj się"
                onClick={[Function]}
              />,
            ],
            "position": "right",
          },
          "ref": null,
          "rendered": Array [
            Object {
              "instance": null,
              "key": undefined,
              "nodeType": "class",
              "props": Object {
                "active": false,
                "name": "Szukaj",
                "onClick": [Function],
              },
              "ref": null,
              "rendered": null,
              "type": [Function],
            },
            Object {
              "instance": null,
              "key": undefined,
              "nodeType": "class",
              "props": Object {
                "active": false,
                "name": "Dodaj",
                "onClick": [Function],
              },
              "ref": null,
              "rendered": null,
              "type": [Function],
            },
            Object {
              "instance": null,
              "key": undefined,
              "nodeType": "class",
              "props": Object {
                "active": false,
                "name": "Zaloguj się",
                "onClick": [Function],
              },
              "ref": null,
              "rendered": null,
              "type": [Function],
            },
          ],
          "type": [Function],
        },
      ],
      "type": [Function],
    },
    "type": [Function],
  },
  Symbol(enzyme.__nodes__): Array [
    Object {
      "instance": null,
      "key": undefined,
      "nodeType": "class",
      "props": Object {
        "borderless": true,
        "children": <Container>
          <MenuItem
            active={false}
            className="logo"
            name="Logo"
            onClick={[Function]}
          >
            <Image
              as="img"
              size="tiny"
              src="logo_wykop.png"
              ui={true}
            />
          </MenuItem>
          <React.Fragment>
            <MenuItem
              active={true}
              name="Wykopalisko"
              onClick={[Function]}
            >
              Wykopalisko
              <Label>
                501
              </Label>
            </MenuItem>
            <MenuItem
              active={false}
              name="Hity"
              onClick={[Function]}
            />
            <MenuItem
              active={false}
              name="Mikroblog"
              onClick={[Function]}
            />
          </React.Fragment>
          <MenuMenu
            position="right"
          >
            <MenuItem
              active={false}
              name="Szukaj"
              onClick={[Function]}
            />
            <MenuItem
              active={false}
              name="Dodaj"
              onClick={[Function]}
            />
            <MenuItem
              active={false}
              name="Zaloguj się"
              onClick={[Function]}
            />
          </MenuMenu>
        </Container>,
        "className": "nav-menu",
        "fixed": "top",
        "pointing": true,
        "secondary": true,
      },
      "ref": null,
      "rendered": Object {
        "instance": null,
        "key": undefined,
        "nodeType": "function",
        "props": Object {
          "children": Array [
            <MenuItem
              active={false}
              className="logo"
              name="Logo"
              onClick={[Function]}
            >
              <Image
                as="img"
                size="tiny"
                src="logo_wykop.png"
                ui={true}
              />
            </MenuItem>,
            <React.Fragment>
              <MenuItem
                active={true}
                name="Wykopalisko"
                onClick={[Function]}
              >
                Wykopalisko
                <Label>
                  501
                </Label>
              </MenuItem>
              <MenuItem
                active={false}
                name="Hity"
                onClick={[Function]}
              />
              <MenuItem
                active={false}
                name="Mikroblog"
                onClick={[Function]}
              />
            </React.Fragment>,
            <MenuMenu
              position="right"
            >
              <MenuItem
                active={false}
                name="Szukaj"
                onClick={[Function]}
              />
              <MenuItem
                active={false}
                name="Dodaj"
                onClick={[Function]}
              />
              <MenuItem
                active={false}
                name="Zaloguj się"
                onClick={[Function]}
              />
            </MenuMenu>,
          ],
        },
        "ref": null,
        "rendered": Array [
          Object {
            "instance": null,
            "key": undefined,
            "nodeType": "class",
            "props": Object {
              "active": false,
              "children": <Image
                as="img"
                size="tiny"
                src="logo_wykop.png"
                ui={true}
              />,
              "className": "logo",
              "name": "Logo",
              "onClick": [Function],
            },
            "ref": null,
            "rendered": Object {
              "instance": null,
              "key": undefined,
              "nodeType": "function",
              "props": Object {
                "as": "img",
                "size": "tiny",
                "src": "logo_wykop.png",
                "ui": true,
              },
              "ref": null,
              "rendered": null,
              "type": [Function],
            },
            "type": [Function],
          },
          Object {
            "instance": null,
            "key": undefined,
            "nodeType": "function",
            "props": Object {
              "children": Array [
                <MenuItem
                  active={true}
                  name="Wykopalisko"
                  onClick={[Function]}
                >
                  Wykopalisko
                  <Label>
                    501
                  </Label>
                </MenuItem>,
                <MenuItem
                  active={false}
                  name="Hity"
                  onClick={[Function]}
                />,
                <MenuItem
                  active={false}
                  name="Mikroblog"
                  onClick={[Function]}
                />,
              ],
            },
            "ref": null,
            "rendered": Array [
              Object {
                "instance": null,
                "key": undefined,
                "nodeType": "class",
                "props": Object {
                  "active": true,
                  "children": Array [
                    "Wykopalisko",
                    <Label>
                      501
                    </Label>,
                  ],
                  "name": "Wykopalisko",
                  "onClick": [Function],
                },
                "ref": null,
                "rendered": Array [
                  "Wykopalisko",
                  Object {
                    "instance": null,
                    "key": undefined,
                    "nodeType": "class",
                    "props": Object {
                      "children": "501",
                    },
                    "ref": null,
                    "rendered": "501",
                    "type": [Function],
                  },
                ],
                "type": [Function],
              },
              Object {
                "instance": null,
                "key": undefined,
                "nodeType": "class",
                "props": Object {
                  "active": false,
                  "name": "Hity",
                  "onClick": [Function],
                },
                "ref": null,
                "rendered": null,
                "type": [Function],
              },
              Object {
                "instance": null,
                "key": undefined,
                "nodeType": "class",
                "props": Object {
                  "active": false,
                  "name": "Mikroblog",
                  "onClick": [Function],
                },
                "ref": null,
                "rendered": null,
                "type": [Function],
              },
            ],
            "type": Symbol(react.fragment),
          },
          Object {
            "instance": null,
            "key": undefined,
            "nodeType": "function",
            "props": Object {
              "children": Array [
                <MenuItem
                  active={false}
                  name="Szukaj"
                  onClick={[Function]}
                />,
                <MenuItem
                  active={false}
                  name="Dodaj"
                  onClick={[Function]}
                />,
                <MenuItem
                  active={false}
                  name="Zaloguj się"
                  onClick={[Function]}
                />,
              ],
              "position": "right",
            },
            "ref": null,
            "rendered": Array [
              Object {
                "instance": null,
                "key": undefined,
                "nodeType": "class",
                "props": Object {
                  "active": false,
                  "name": "Szukaj",
                  "onClick": [Function],
                },
                "ref": null,
                "rendered": null,
                "type": [Function],
              },
              Object {
                "instance": null,
                "key": undefined,
                "nodeType": "class",
                "props": Object {
                  "active": false,
                  "name": "Dodaj",
                  "onClick": [Function],
                },
                "ref": null,
                "rendered": null,
                "type": [Function],
              },
              Object {
                "instance": null,
                "key": undefined,
                "nodeType": "class",
                "props": Object {
                  "active": false,
                  "name": "Zaloguj się",
                  "onClick": [Function],
                },
                "ref": null,
                "rendered": null,
                "type": [Function],
              },
            ],
            "type": [Function],
          },
        ],
        "type": [Function],
      },
      "type": [Function],
    },
  ],
  Symbol(enzyme.__options__): Object {
    "adapter": ReactSixteenAdapter {
      "options": Object {
        "enableComponentDidUpdateOnSetState": true,
        "legacyContextMode": "parent",
        "lifecycles": Object {
          "componentDidUpdate": Object {
            "onSetState": true,
          },
          "getChildContext": Object {
            "calledByRenderer": false,
          },
          "getDerivedStateFromProps": true,
          "getSnapshotBeforeUpdate": true,
          "setState": Object {
            "skipsComponentDidUpdateOnNullish": true,
          },
        },
      },
    },
  },
}
`;
